// Jest Snapshot v1, https://goo.gl/fbAQLP

exports[`InputField Component should match the snapshots 1`] = `
<WithStyles(ForwardRef(FormControl))
  fullWidth={true}
>
  <WithStyles(ForwardRef(TextField)) />
</WithStyles(ForwardRef(FormControl))>
`;
