// Jest Snapshot v1, https://goo.gl/fbAQLP

exports[`Select Field Component should match the snapshot 1`] = `
<WithStyles(ForwardRef(FormControl))
  fullWidth={true}
>
  <WithStyles(ForwardRef(Select)) />
</WithStyles(ForwardRef(FormControl))>
`;
